Title: The Last Whisper

In a forgotten village, a young girl discovers an ancient book that holds the secrets of lost voices. Each page unlocks a whisper from the past. As she speaks the words, long-buried memories awaken, revealing an epic tale of love, betrayal, and the power of memories to change the future.